A51 MACRO ASSEMBLER  3_2                                                                  10/17/2017 19:54:21 PAGE     1


MACRO ASSEMBLER A51 V8.01
OBJECT MODULE PLACED IN 3-2.OBJ
ASSEMBLER INVOKED BY: C:\Keil\C51\BIN\A51.EXE 3-2.asm SET(SMALL) DEBUG EP

LOC  OBJ            LINE     SOURCE

0000                   1     ORG     0000H
0000 0150              2     AJMP    MAIN
0050                   3     ORG     0050H
                       4     
0050                   5     MAIN:
                       6     
0050 900072            7             MOV     DPTR,#SSTABLE
0053                   8     LOOP:
0053 7A00              9             MOV     R2,#0H  ;R2=counter
0055                  10     LOOP1:
                      11     
0055 EA               12             MOV     A,R2    ;將counter移入A
0056 93               13             MOVC    A,@A+DPTR       ;將表中的數值(base+counter)移入A
0057 F580             14             MOV     P0,A    ;將A移入七段顯示器
0059 0A               15             INC     R2      ;++R2
                      16     
                      17     ;把指撥開關的值存入A
                      18     
005A A890             19             MOV     R0,P1
005C E8               20             MOV     A,R0    ;指撥開關的值存入A
005D 2401             21             ADD     A,#01H  ;將A+1
                      22     
                      23     
                      24     
                      25     ;if else
                      26     
005F 1166             27             ACALL   DELAY
0061 BA07F1           28             CJNE    R2,#7H,LOOP1    ;if R2!=7, jump to Loop 1
0064 0153             29             AJMP    LOOP
                      30     
                      31     
                      32     
0066                  33     DELAY:
0066 7DFF             34             MOV     R5 ,#0FFH
0068                  35     DELAY1:
0068 7EFF             36             MOV     R6 ,#0FFH
006A                  37     DELAY2:
006A FF               38             MOV     R7 ,A
006B                  39     DELAY3:
006B DFFE             40             DJNZ    R7,DELAY3
006D DEFB             41             DJNZ    R6,DELAY2
006F DDF7             42             DJNZ    R5,DELAY1
0071 22               43             RET
                      44     
0072                  45     SSTABLE:
0072 C0               46             DB      11000000B       ;0
0073 92               47             DB      092H    ;5
0074 F9               48             DB      0F9H    ;1
0075 C0               49             DB      11000000B       ;0
0076 F8               50             DB      0F8H    ;7
0077 99               51             DB      099H    ;4
0078 B0               52             DB      0B0H    ;3
                      53     
                      54     END
A51 MACRO ASSEMBLER  3_2                                                                  10/17/2017 19:54:21 PAGE     2

SYMBOL TABLE LISTING
------ ----- -------


N A M E             T Y P E  V A L U E   ATTRIBUTES

DELAY. . . . . . .  C ADDR   0066H   A   
DELAY1 . . . . . .  C ADDR   0068H   A   
DELAY2 . . . . . .  C ADDR   006AH   A   
DELAY3 . . . . . .  C ADDR   006BH   A   
LOOP . . . . . . .  C ADDR   0053H   A   
LOOP1. . . . . . .  C ADDR   0055H   A   
MAIN . . . . . . .  C ADDR   0050H   A   
P0 . . . . . . . .  D ADDR   0080H   A   
P1 . . . . . . . .  D ADDR   0090H   A   
SSTABLE. . . . . .  C ADDR   0072H   A   


REGISTER BANK(S) USED: 0 


ASSEMBLY COMPLETE.  0 WARNING(S), 0 ERROR(S)
