A51 MACRO ASSEMBLER  3_3                                                                  10/21/2017 18:11:24 PAGE     1


MACRO ASSEMBLER A51 V8.01
OBJECT MODULE PLACED IN 3-3.OBJ
ASSEMBLER INVOKED BY: C:\Keil\C51\BIN\A51.EXE 3-3.ASM SET(SMALL) DEBUG EP

LOC  OBJ            LINE     SOURCE

0000                   1     ORG     0000H
0000 0150              2     AJMP    MAIN
0050                   3     ORG     0050H
                       4     
0050                   5     MAIN:
0050 900061            6             MOV     DPTR,#SSTABLE
0053                   7     LOOP:
0053 7A00              8             MOV     R2,#0H  ;R2=counter
0055                   9     LOOP1:
                      10     
0055 EA               11             MOV     A,R2
0056 93               12             MOVC    A,@A+DPTR
0057 F580             13             MOV     P0,A
0059 0A               14             INC     R2      
005A 1167             15             ACALL   DELAY
005C BA06F6           16             CJNE    R2,#6,LOOP1     ;if R2!=10, jump to Loop 1
005F 0153             17             AJMP    LOOP
                      18     
0061                  19     SSTABLE:
0061 88               20             DB      10001000B       ;A
0062 83               21             DB      10000011B       ;b
0063 C6               22             DB      11000110B       ;C
0064 A1               23             DB      10100001B       ;d
0065 86               24             DB      10000110B       ;E
0066 8E               25             DB      10001110B       ;F
                      26     
                      27     
0067                  28     DELAY:
0067 7DFF             29             MOV     R5 ,#0FFH
0069                  30     DELAY1:
0069 7EFF             31             MOV     R6 ,#0FFH
006B                  32     DELAY2:
006B 7F10             33             MOV     R7 ,#10H
006D                  34     DELAY3:
006D DFFE             35             DJNZ    R7,DELAY3
006F DEFA             36             DJNZ    R6,DELAY2
0071 DDF6             37             DJNZ    R5,DELAY1
0073 22               38             RET
                      39     END
A51 MACRO ASSEMBLER  3_3                                                                  10/21/2017 18:11:24 PAGE     2

SYMBOL TABLE LISTING
------ ----- -------


N A M E             T Y P E  V A L U E   ATTRIBUTES

DELAY. . . . . . .  C ADDR   0067H   A   
DELAY1 . . . . . .  C ADDR   0069H   A   
DELAY2 . . . . . .  C ADDR   006BH   A   
DELAY3 . . . . . .  C ADDR   006DH   A   
LOOP . . . . . . .  C ADDR   0053H   A   
LOOP1. . . . . . .  C ADDR   0055H   A   
MAIN . . . . . . .  C ADDR   0050H   A   
P0 . . . . . . . .  D ADDR   0080H   A   
SSTABLE. . . . . .  C ADDR   0061H   A   


REGISTER BANK(S) USED: 0 


ASSEMBLY COMPLETE.  0 WARNING(S), 0 ERROR(S)
